// Jest Snapshot v1, https://goo.gl/fbAQLP

exports[`Header renders and matches the snapshot 1`] = `
<div>
  <Link
    href="/"
  >
    <a>
      APP NAME
    </a>
  </Link>
</div>
`;
